Archive member included because of file (symbol)

c:/winavr-20100110/bin/../lib/gcc/avr/4.3.3/avr5\libgcc.a(_exit.o)
                              c:/winavr-20100110/bin/../lib/gcc/avr/4.3.3/../../../../avr/lib/avr5/crtm32.o (exit)

Memory Configuration

Name             Origin             Length             Attributes
text             0x00000000         0x00020000         xr
data             0x00800060         0x0000ffa0         rw !x
eeprom           0x00810000         0x00010000         rw !x
fuse             0x00820000         0x00000400         rw !x
lock             0x00830000         0x00000400         rw !x
signature        0x00840000         0x00000400         rw !x
*default*        0x00000000         0xffffffff

Linker script and memory map

LOAD c:/winavr-20100110/bin/../lib/gcc/avr/4.3.3/../../../../avr/lib/avr5/crtm32.o
LOAD ./Dio_Prog.o
LOAD ./LED_proj.o
LOAD ./SPI_proj.o
LOAD ./UART_PROG.o
LOAD ./main.o
LOAD c:/winavr-20100110/bin/../lib/gcc/avr/4.3.3/avr5\libgcc.a
LOAD c:/winavr-20100110/bin/../lib/gcc/avr/4.3.3/../../../../avr/lib/avr5\libc.a
LOAD c:/winavr-20100110/bin/../lib/gcc/avr/4.3.3/avr5\libgcc.a

.hash
 *(.hash)

.dynsym
 *(.dynsym)

.dynstr
 *(.dynstr)

.gnu.version
 *(.gnu.version)

.gnu.version_d
 *(.gnu.version_d)

.gnu.version_r
 *(.gnu.version_r)

.rel.init
 *(.rel.init)

.rela.init
 *(.rela.init)

.rel.text
 *(.rel.text)
 *(.rel.text.*)
 *(.rel.gnu.linkonce.t*)

.rela.text
 *(.rela.text)
 *(.rela.text.*)
 *(.rela.gnu.linkonce.t*)

.rel.fini
 *(.rel.fini)

.rela.fini
 *(.rela.fini)

.rel.rodata
 *(.rel.rodata)
 *(.rel.rodata.*)
 *(.rel.gnu.linkonce.r*)

.rela.rodata
 *(.rela.rodata)
 *(.rela.rodata.*)
 *(.rela.gnu.linkonce.r*)

.rel.data
 *(.rel.data)
 *(.rel.data.*)
 *(.rel.gnu.linkonce.d*)

.rela.data
 *(.rela.data)
 *(.rela.data.*)
 *(.rela.gnu.linkonce.d*)

.rel.ctors
 *(.rel.ctors)

.rela.ctors
 *(.rela.ctors)

.rel.dtors
 *(.rel.dtors)

.rela.dtors
 *(.rela.dtors)

.rel.got
 *(.rel.got)

.rela.got
 *(.rela.got)

.rel.bss
 *(.rel.bss)

.rela.bss
 *(.rela.bss)

.rel.plt
 *(.rel.plt)

.rela.plt
 *(.rela.plt)

.text           0x00000000      0x898
 *(.vectors)
 .vectors       0x00000000       0x54 c:/winavr-20100110/bin/../lib/gcc/avr/4.3.3/../../../../avr/lib/avr5/crtm32.o
                0x00000000                __vectors
                0x00000000                __vector_default
 *(.vectors)
 *(.progmem.gcc*)
 *(.progmem*)
                0x00000054                . = ALIGN (0x2)
                0x00000054                __trampolines_start = .
 *(.trampolines)
 .trampolines   0x00000054        0x0 linker stubs
 *(.trampolines*)
                0x00000054                __trampolines_end = .
 *(.jumptables)
 *(.jumptables*)
 *(.lowtext)
 *(.lowtext*)
                0x00000054                __ctors_start = .
 *(.ctors)
                0x00000054                __ctors_end = .
                0x00000054                __dtors_start = .
 *(.dtors)
                0x00000054                __dtors_end = .
 SORT(*)(.ctors)
 SORT(*)(.dtors)
 *(.init0)
 .init0         0x00000054        0x0 c:/winavr-20100110/bin/../lib/gcc/avr/4.3.3/../../../../avr/lib/avr5/crtm32.o
                0x00000054                __init
 *(.init0)
 *(.init1)
 *(.init1)
 *(.init2)
 .init2         0x00000054        0xc c:/winavr-20100110/bin/../lib/gcc/avr/4.3.3/../../../../avr/lib/avr5/crtm32.o
 *(.init2)
 *(.init3)
 *(.init3)
 *(.init4)
 *(.init4)
 *(.init5)
 *(.init5)
 *(.init6)
 *(.init6)
 *(.init7)
 *(.init7)
 *(.init8)
 *(.init8)
 *(.init9)
 .init9         0x00000060        0x8 c:/winavr-20100110/bin/../lib/gcc/avr/4.3.3/../../../../avr/lib/avr5/crtm32.o
 *(.init9)
 *(.text)
 .text          0x00000068        0x4 c:/winavr-20100110/bin/../lib/gcc/avr/4.3.3/../../../../avr/lib/avr5/crtm32.o
                0x00000068                __vector_1
                0x00000068                __vector_12
                0x00000068                __bad_interrupt
                0x00000068                __vector_6
                0x00000068                __vector_3
                0x00000068                __vector_11
                0x00000068                __vector_13
                0x00000068                __vector_17
                0x00000068                __vector_19
                0x00000068                __vector_7
                0x00000068                __vector_5
                0x00000068                __vector_4
                0x00000068                __vector_9
                0x00000068                __vector_2
                0x00000068                __vector_15
                0x00000068                __vector_8
                0x00000068                __vector_14
                0x00000068                __vector_10
                0x00000068                __vector_16
                0x00000068                __vector_18
                0x00000068                __vector_20
 .text          0x0000006c        0x0 ./Dio_Prog.o
 .text          0x0000006c        0x0 ./LED_proj.o
 .text          0x0000006c        0x0 ./SPI_proj.o
 .text          0x0000006c        0x0 ./UART_PROG.o
 .text          0x0000006c        0x0 ./main.o
 .text          0x0000006c        0x0 c:/winavr-20100110/bin/../lib/gcc/avr/4.3.3/avr5\libgcc.a(_exit.o)
                0x0000006c                . = ALIGN (0x2)
 *(.text.*)
 .text.Dio_SetPinDirection
                0x0000006c      0x20e ./Dio_Prog.o
                0x0000006c                Dio_SetPinDirection
 .text.Dio_SetPinValue
                0x0000027a      0x1fe ./Dio_Prog.o
                0x0000027a                Dio_SetPinValue
 .text.Dio_GetPinValue
                0x00000478       0xf2 ./Dio_Prog.o
                0x00000478                Dio_GetPinValue
 .text.LED0_Init
                0x0000056a       0x18 ./LED_proj.o
                0x0000056a                LED0_Init
 .text.LED0_ON  0x00000582       0x18 ./LED_proj.o
                0x00000582                LED0_ON
 .text.LED0_OFF
                0x0000059a       0x18 ./LED_proj.o
                0x0000059a                LED0_OFF
 .text.LED1_Init
                0x000005b2       0x18 ./LED_proj.o
                0x000005b2                LED1_Init
 .text.LED1_ON  0x000005ca       0x18 ./LED_proj.o
                0x000005ca                LED1_ON
 .text.LED1_OFF
                0x000005e2       0x18 ./LED_proj.o
                0x000005e2                LED1_OFF
 .text.LED2_Init
                0x000005fa       0x18 ./LED_proj.o
                0x000005fa                LED2_Init
 .text.LED2_ON  0x00000612       0x18 ./LED_proj.o
                0x00000612                LED2_ON
 .text.LED2_OFF
                0x0000062a       0x18 ./LED_proj.o
                0x0000062a                LED2_OFF
 .text.SPI_INIT_MASTER
                0x00000642       0x60 ./SPI_proj.o
                0x00000642                SPI_INIT_MASTER
 .text.SPI_INIT_SLAVE
                0x000006a2       0x52 ./SPI_proj.o
                0x000006a2                SPI_INIT_SLAVE
 .text.SPI_SEND_DATA
                0x000006f4       0x26 ./SPI_proj.o
                0x000006f4                SPI_SEND_DATA
 .text.SPI_RECIVE_DATA
                0x0000071a       0x1e ./SPI_proj.o
                0x0000071a                SPI_RECIVE_DATA
 .text.UART_INIT
                0x00000738       0xbe ./UART_PROG.o
                0x00000738                UART_INIT
 .text.Send_Data
                0x000007f6       0x44 ./UART_PROG.o
                0x000007f6                Send_Data
 .text.Receive_Data
                0x0000083a       0x2a ./UART_PROG.o
                0x0000083a                Receive_Data
 .text.main     0x00000864       0x30 ./main.o
                0x00000864                main
 .text.libgcc   0x00000894        0x0 c:/winavr-20100110/bin/../lib/gcc/avr/4.3.3/avr5\libgcc.a(_exit.o)
                0x00000894                . = ALIGN (0x2)
 *(.fini9)
 .fini9         0x00000894        0x0 c:/winavr-20100110/bin/../lib/gcc/avr/4.3.3/avr5\libgcc.a(_exit.o)
                0x00000894                exit
                0x00000894                _exit
 *(.fini9)
 *(.fini8)
 *(.fini8)
 *(.fini7)
 *(.fini7)
 *(.fini6)
 *(.fini6)
 *(.fini5)
 *(.fini5)
 *(.fini4)
 *(.fini4)
 *(.fini3)
 *(.fini3)
 *(.fini2)
 *(.fini2)
 *(.fini1)
 *(.fini1)
 *(.fini0)
 .fini0         0x00000894        0x4 c:/winavr-20100110/bin/../lib/gcc/avr/4.3.3/avr5\libgcc.a(_exit.o)
 *(.fini0)
                0x00000898                _etext = .

.data           0x00800060        0x0 load address 0x00000898
                0x00800060                PROVIDE (__data_start, .)
 *(.data)
 .data          0x00800060        0x0 c:/winavr-20100110/bin/../lib/gcc/avr/4.3.3/../../../../avr/lib/avr5/crtm32.o
 .data          0x00800060        0x0 ./Dio_Prog.o
 .data          0x00800060        0x0 ./LED_proj.o
 .data          0x00800060        0x0 ./SPI_proj.o
 .data          0x00800060        0x0 ./UART_PROG.o
 .data          0x00800060        0x0 ./main.o
 .data          0x00800060        0x0 c:/winavr-20100110/bin/../lib/gcc/avr/4.3.3/avr5\libgcc.a(_exit.o)
 *(.data*)
 *(.rodata)
 *(.rodata*)
 *(.gnu.linkonce.d*)
                0x00800060                . = ALIGN (0x2)
                0x00800060                _edata = .
                0x00800060                PROVIDE (__data_end, .)

.bss            0x00800060        0x0
                0x00800060                PROVIDE (__bss_start, .)
 *(.bss)
 .bss           0x00800060        0x0 c:/winavr-20100110/bin/../lib/gcc/avr/4.3.3/../../../../avr/lib/avr5/crtm32.o
 .bss           0x00800060        0x0 ./Dio_Prog.o
 .bss           0x00800060        0x0 ./LED_proj.o
 .bss           0x00800060        0x0 ./SPI_proj.o
 .bss           0x00800060        0x0 ./UART_PROG.o
 .bss           0x00800060        0x0 ./main.o
 .bss           0x00800060        0x0 c:/winavr-20100110/bin/../lib/gcc/avr/4.3.3/avr5\libgcc.a(_exit.o)
 *(.bss*)
 *(COMMON)
                0x00800060                PROVIDE (__bss_end, .)
                0x00000898                __data_load_start = LOADADDR (.data)
                0x00000898                __data_load_end = (__data_load_start + SIZEOF (.data))

.noinit         0x00800060        0x0
                0x00800060                PROVIDE (__noinit_start, .)
 *(.noinit*)
                0x00800060                PROVIDE (__noinit_end, .)
                0x00800060                _end = .
                0x00800060                PROVIDE (__heap_start, .)

.eeprom         0x00810000        0x0
 *(.eeprom*)
                0x00810000                __eeprom_end = .

.fuse
 *(.fuse)
 *(.lfuse)
 *(.hfuse)
 *(.efuse)

.lock
 *(.lock*)

.signature
 *(.signature*)

.stab           0x00000000      0xd74
 *(.stab)
 .stab          0x00000000      0x3e4 ./Dio_Prog.o
 .stab          0x000003e4      0x294 ./LED_proj.o
                                0x330 (size before relaxing)
 .stab          0x00000678      0x24c ./SPI_proj.o
                                0x2e8 (size before relaxing)
 .stab          0x000008c4      0x2c4 ./UART_PROG.o
                                0x2d0 (size before relaxing)
 .stab          0x00000b88      0x1ec ./main.o
                                0x288 (size before relaxing)

.stabstr        0x00000000      0x737
 *(.stabstr)
 .stabstr       0x00000000      0x737 ./Dio_Prog.o

.stab.excl
 *(.stab.excl)

.stab.exclstr
 *(.stab.exclstr)

.stab.index
 *(.stab.index)

.stab.indexstr
 *(.stab.indexstr)

.comment
 *(.comment)

.debug
 *(.debug)

.line
 *(.line)

.debug_srcinfo
 *(.debug_srcinfo)

.debug_sfnames
 *(.debug_sfnames)

.debug_aranges
 *(.debug_aranges)

.debug_pubnames
 *(.debug_pubnames)

.debug_info
 *(.debug_info)
 *(.gnu.linkonce.wi.*)

.debug_abbrev
 *(.debug_abbrev)

.debug_line
 *(.debug_line)

.debug_frame
 *(.debug_frame)

.debug_str
 *(.debug_str)

.debug_loc
 *(.debug_loc)

.debug_macinfo
 *(.debug_macinfo)
OUTPUT(SPI_Slave.elf elf32-avr)
LOAD linker stubs
